export const snapshot = {};

snapshot[`9x9サイズ snapshot 1`] = `
[
  {
    answerCnadidatesMut: [
      0,
      1,
      2,
      3,
      4,
      5,
      6,
      7,
      8,
    ],
    answerMut: undefined,
    groups: [
      "v0",
      "h0",
      "b00",
    ],
    pos: [
      0,
      0,
    ],
  },
  {
    answerCnadidatesMut: [
      0,
      1,
      2,
      3,
      4,
      5,
      6,
      7,
      8,
    ],
    answerMut: undefined,
    groups: [
      "v1",
      "h0",
      "b00",
    ],
    pos: [
      1,
      0,
    ],
  },
  {
    answerCnadidatesMut: [
      0,
      1,
      2,
      3,
      4,
      5,
      6,
      7,
      8,
    ],
    answerMut: undefined,
    groups: [
      "v2",
      "h0",
      "b00",
    ],
    pos: [
      2,
      0,
    ],
  },
  {
    answerCnadidatesMut: [
      0,
      1,
      2,
      3,
      4,
      5,
      6,
      7,
      8,
    ],
    answerMut: undefined,
    groups: [
      "v3",
      "h0",
      "b10",
    ],
    pos: [
      3,
      0,
    ],
  },
  {
    answerCnadidatesMut: [
      0,
      1,
      2,
      3,
      4,
      5,
      6,
      7,
      8,
    ],
    answerMut: undefined,
    groups: [
      "v4",
      "h0",
      "b10",
    ],
    pos: [
      4,
      0,
    ],
  },
  {
    answerCnadidatesMut: [
      0,
      1,
      2,
      3,
      4,
      5,
      6,
      7,
      8,
    ],
    answerMut: undefined,
    groups: [
      "v5",
      "h0",
      "b10",
    ],
    pos: [
      5,
      0,
    ],
  },
  {
    answerCnadidatesMut: [
      0,
      1,
      2,
      3,
      4,
      5,
      6,
      7,
      8,
    ],
    answerMut: undefined,
    groups: [
      "v6",
      "h0",
      "b20",
    ],
    pos: [
      6,
      0,
    ],
  },
  {
    answerCnadidatesMut: [
      0,
      1,
      2,
      3,
      4,
      5,
      6,
      7,
      8,
    ],
    answerMut: undefined,
    groups: [
      "v7",
      "h0",
      "b20",
    ],
    pos: [
      7,
      0,
    ],
  },
  {
    answerCnadidatesMut: [
      0,
      1,
      2,
      3,
      4,
      5,
      6,
      7,
      8,
    ],
    answerMut: undefined,
    groups: [
      "v8",
      "h0",
      "b20",
    ],
    pos: [
      8,
      0,
    ],
  },
  {
    answerCnadidatesMut: [
      0,
      1,
      2,
      3,
      4,
      5,
      6,
      7,
      8,
    ],
    answerMut: undefined,
    groups: [
      "v0",
      "h1",
      "b00",
    ],
    pos: [
      0,
      1,
    ],
  },
  {
    answerCnadidatesMut: [
      0,
      1,
      2,
      3,
      4,
      5,
      6,
      7,
      8,
    ],
    answerMut: undefined,
    groups: [
      "v1",
      "h1",
      "b00",
    ],
    pos: [
      1,
      1,
    ],
  },
  {
    answerCnadidatesMut: [
      0,
      1,
      2,
      3,
      4,
      5,
      6,
      7,
      8,
    ],
    answerMut: undefined,
    groups: [
      "v2",
      "h1",
      "b00",
    ],
    pos: [
      2,
      1,
    ],
  },
  {
    answerCnadidatesMut: [
      0,
      1,
      2,
      3,
      4,
      5,
      6,
      7,
      8,
    ],
    answerMut: undefined,
    groups: [
      "v3",
      "h1",
      "b10",
    ],
    pos: [
      3,
      1,
    ],
  },
  {
    answerCnadidatesMut: [
      0,
      1,
      2,
      3,
      4,
      5,
      6,
      7,
      8,
    ],
    answerMut: undefined,
    groups: [
      "v4",
      "h1",
      "b10",
    ],
    pos: [
      4,
      1,
    ],
  },
  {
    answerCnadidatesMut: [
      0,
      1,
      2,
      3,
      4,
      5,
      6,
      7,
      8,
    ],
    answerMut: undefined,
    groups: [
      "v5",
      "h1",
      "b10",
    ],
    pos: [
      5,
      1,
    ],
  },
  {
    answerCnadidatesMut: [
      0,
      1,
      2,
      3,
      4,
      5,
      6,
      7,
      8,
    ],
    answerMut: undefined,
    groups: [
      "v6",
      "h1",
      "b20",
    ],
    pos: [
      6,
      1,
    ],
  },
  {
    answerCnadidatesMut: [
      0,
      1,
      2,
      3,
      4,
      5,
      6,
      7,
      8,
    ],
    answerMut: undefined,
    groups: [
      "v7",
      "h1",
      "b20",
    ],
    pos: [
      7,
      1,
    ],
  },
  {
    answerCnadidatesMut: [
      0,
      1,
      2,
      3,
      4,
      5,
      6,
      7,
      8,
    ],
    answerMut: undefined,
    groups: [
      "v8",
      "h1",
      "b20",
    ],
    pos: [
      8,
      1,
    ],
  },
  {
    answerCnadidatesMut: [
      0,
      1,
      2,
      3,
      4,
      5,
      6,
      7,
      8,
    ],
    answerMut: undefined,
    groups: [
      "v0",
      "h2",
      "b00",
    ],
    pos: [
      0,
      2,
    ],
  },
  {
    answerCnadidatesMut: [
      0,
      1,
      2,
      3,
      4,
      5,
      6,
      7,
      8,
    ],
    answerMut: undefined,
    groups: [
      "v1",
      "h2",
      "b00",
    ],
    pos: [
      1,
      2,
    ],
  },
  {
    answerCnadidatesMut: [
      0,
      1,
      2,
      3,
      4,
      5,
      6,
      7,
      8,
    ],
    answerMut: undefined,
    groups: [
      "v2",
      "h2",
      "b00",
    ],
    pos: [
      2,
      2,
    ],
  },
  {
    answerCnadidatesMut: [
      0,
      1,
      2,
      3,
      4,
      5,
      6,
      7,
      8,
    ],
    answerMut: undefined,
    groups: [
      "v3",
      "h2",
      "b10",
    ],
    pos: [
      3,
      2,
    ],
  },
  {
    answerCnadidatesMut: [
      0,
      1,
      2,
      3,
      4,
      5,
      6,
      7,
      8,
    ],
    answerMut: undefined,
    groups: [
      "v4",
      "h2",
      "b10",
    ],
    pos: [
      4,
      2,
    ],
  },
  {
    answerCnadidatesMut: [
      0,
      1,
      2,
      3,
      4,
      5,
      6,
      7,
      8,
    ],
    answerMut: undefined,
    groups: [
      "v5",
      "h2",
      "b10",
    ],
    pos: [
      5,
      2,
    ],
  },
  {
    answerCnadidatesMut: [
      0,
      1,
      2,
      3,
      4,
      5,
      6,
      7,
      8,
    ],
    answerMut: undefined,
    groups: [
      "v6",
      "h2",
      "b20",
    ],
    pos: [
      6,
      2,
    ],
  },
  {
    answerCnadidatesMut: [
      0,
      1,
      2,
      3,
      4,
      5,
      6,
      7,
      8,
    ],
    answerMut: undefined,
    groups: [
      "v7",
      "h2",
      "b20",
    ],
    pos: [
      7,
      2,
    ],
  },
  {
    answerCnadidatesMut: [
      0,
      1,
      2,
      3,
      4,
      5,
      6,
      7,
      8,
    ],
    answerMut: undefined,
    groups: [
      "v8",
      "h2",
      "b20",
    ],
    pos: [
      8,
      2,
    ],
  },
  {
    answerCnadidatesMut: [
      0,
      1,
      2,
      3,
      4,
      5,
      6,
      7,
      8,
    ],
    answerMut: undefined,
    groups: [
      "v0",
      "h3",
      "b01",
    ],
    pos: [
      0,
      3,
    ],
  },
  {
    answerCnadidatesMut: [
      0,
      1,
      2,
      3,
      4,
      5,
      6,
      7,
      8,
    ],
    answerMut: undefined,
    groups: [
      "v1",
      "h3",
      "b01",
    ],
    pos: [
      1,
      3,
    ],
  },
  {
    answerCnadidatesMut: [
      0,
      1,
      2,
      3,
      4,
      5,
      6,
      7,
      8,
    ],
    answerMut: undefined,
    groups: [
      "v2",
      "h3",
      "b01",
    ],
    pos: [
      2,
      3,
    ],
  },
  {
    answerCnadidatesMut: [
      0,
      1,
      2,
      3,
      4,
      5,
      6,
      7,
      8,
    ],
    answerMut: undefined,
    groups: [
      "v3",
      "h3",
      "b11",
    ],
    pos: [
      3,
      3,
    ],
  },
  {
    answerCnadidatesMut: [
      0,
      1,
      2,
      3,
      4,
      5,
      6,
      7,
      8,
    ],
    answerMut: undefined,
    groups: [
      "v4",
      "h3",
      "b11",
    ],
    pos: [
      4,
      3,
    ],
  },
  {
    answerCnadidatesMut: [
      0,
      1,
      2,
      3,
      4,
      5,
      6,
      7,
      8,
    ],
    answerMut: undefined,
    groups: [
      "v5",
      "h3",
      "b11",
    ],
    pos: [
      5,
      3,
    ],
  },
  {
    answerCnadidatesMut: [
      0,
      1,
      2,
      3,
      4,
      5,
      6,
      7,
      8,
    ],
    answerMut: undefined,
    groups: [
      "v6",
      "h3",
      "b21",
    ],
    pos: [
      6,
      3,
    ],
  },
  {
    answerCnadidatesMut: [
      0,
      1,
      2,
      3,
      4,
      5,
      6,
      7,
      8,
    ],
    answerMut: undefined,
    groups: [
      "v7",
      "h3",
      "b21",
    ],
    pos: [
      7,
      3,
    ],
  },
  {
    answerCnadidatesMut: [
      0,
      1,
      2,
      3,
      4,
      5,
      6,
      7,
      8,
    ],
    answerMut: undefined,
    groups: [
      "v8",
      "h3",
      "b21",
    ],
    pos: [
      8,
      3,
    ],
  },
  {
    answerCnadidatesMut: [
      0,
      1,
      2,
      3,
      4,
      5,
      6,
      7,
      8,
    ],
    answerMut: undefined,
    groups: [
      "v0",
      "h4",
      "b01",
    ],
    pos: [
      0,
      4,
    ],
  },
  {
    answerCnadidatesMut: [
      0,
      1,
      2,
      3,
      4,
      5,
      6,
      7,
      8,
    ],
    answerMut: undefined,
    groups: [
      "v1",
      "h4",
      "b01",
    ],
    pos: [
      1,
      4,
    ],
  },
  {
    answerCnadidatesMut: [
      0,
      1,
      2,
      3,
      4,
      5,
      6,
      7,
      8,
    ],
    answerMut: undefined,
    groups: [
      "v2",
      "h4",
      "b01",
    ],
    pos: [
      2,
      4,
    ],
  },
  {
    answerCnadidatesMut: [
      0,
      1,
      2,
      3,
      4,
      5,
      6,
      7,
      8,
    ],
    answerMut: undefined,
    groups: [
      "v3",
      "h4",
      "b11",
    ],
    pos: [
      3,
      4,
    ],
  },
  {
    answerCnadidatesMut: [
      0,
      1,
      2,
      3,
      4,
      5,
      6,
      7,
      8,
    ],
    answerMut: undefined,
    groups: [
      "v4",
      "h4",
      "b11",
    ],
    pos: [
      4,
      4,
    ],
  },
  {
    answerCnadidatesMut: [
      0,
      1,
      2,
      3,
      4,
      5,
      6,
      7,
      8,
    ],
    answerMut: undefined,
    groups: [
      "v5",
      "h4",
      "b11",
    ],
    pos: [
      5,
      4,
    ],
  },
  {
    answerCnadidatesMut: [
      0,
      1,
      2,
      3,
      4,
      5,
      6,
      7,
      8,
    ],
    answerMut: undefined,
    groups: [
      "v6",
      "h4",
      "b21",
    ],
    pos: [
      6,
      4,
    ],
  },
  {
    answerCnadidatesMut: [
      0,
      1,
      2,
      3,
      4,
      5,
      6,
      7,
      8,
    ],
    answerMut: undefined,
    groups: [
      "v7",
      "h4",
      "b21",
    ],
    pos: [
      7,
      4,
    ],
  },
  {
    answerCnadidatesMut: [
      0,
      1,
      2,
      3,
      4,
      5,
      6,
      7,
      8,
    ],
    answerMut: undefined,
    groups: [
      "v8",
      "h4",
      "b21",
    ],
    pos: [
      8,
      4,
    ],
  },
  {
    answerCnadidatesMut: [
      0,
      1,
      2,
      3,
      4,
      5,
      6,
      7,
      8,
    ],
    answerMut: undefined,
    groups: [
      "v0",
      "h5",
      "b01",
    ],
    pos: [
      0,
      5,
    ],
  },
  {
    answerCnadidatesMut: [
      0,
      1,
      2,
      3,
      4,
      5,
      6,
      7,
      8,
    ],
    answerMut: undefined,
    groups: [
      "v1",
      "h5",
      "b01",
    ],
    pos: [
      1,
      5,
    ],
  },
  {
    answerCnadidatesMut: [
      0,
      1,
      2,
      3,
      4,
      5,
      6,
      7,
      8,
    ],
    answerMut: undefined,
    groups: [
      "v2",
      "h5",
      "b01",
    ],
    pos: [
      2,
      5,
    ],
  },
  {
    answerCnadidatesMut: [
      0,
      1,
      2,
      3,
      4,
      5,
      6,
      7,
      8,
    ],
    answerMut: undefined,
    groups: [
      "v3",
      "h5",
      "b11",
    ],
    pos: [
      3,
      5,
    ],
  },
  {
    answerCnadidatesMut: [
      0,
      1,
      2,
      3,
      4,
      5,
      6,
      7,
      8,
    ],
    answerMut: undefined,
    groups: [
      "v4",
      "h5",
      "b11",
    ],
    pos: [
      4,
      5,
    ],
  },
  {
    answerCnadidatesMut: [
      0,
      1,
      2,
      3,
      4,
      5,
      6,
      7,
      8,
    ],
    answerMut: undefined,
    groups: [
      "v5",
      "h5",
      "b11",
    ],
    pos: [
      5,
      5,
    ],
  },
  {
    answerCnadidatesMut: [
      0,
      1,
      2,
      3,
      4,
      5,
      6,
      7,
      8,
    ],
    answerMut: undefined,
    groups: [
      "v6",
      "h5",
      "b21",
    ],
    pos: [
      6,
      5,
    ],
  },
  {
    answerCnadidatesMut: [
      0,
      1,
      2,
      3,
      4,
      5,
      6,
      7,
      8,
    ],
    answerMut: undefined,
    groups: [
      "v7",
      "h5",
      "b21",
    ],
    pos: [
      7,
      5,
    ],
  },
  {
    answerCnadidatesMut: [
      0,
      1,
      2,
      3,
      4,
      5,
      6,
      7,
      8,
    ],
    answerMut: undefined,
    groups: [
      "v8",
      "h5",
      "b21",
    ],
    pos: [
      8,
      5,
    ],
  },
  {
    answerCnadidatesMut: [
      0,
      1,
      2,
      3,
      4,
      5,
      6,
      7,
      8,
    ],
    answerMut: undefined,
    groups: [
      "v0",
      "h6",
      "b02",
    ],
    pos: [
      0,
      6,
    ],
  },
  {
    answerCnadidatesMut: [
      0,
      1,
      2,
      3,
      4,
      5,
      6,
      7,
      8,
    ],
    answerMut: undefined,
    groups: [
      "v1",
      "h6",
      "b02",
    ],
    pos: [
      1,
      6,
    ],
  },
  {
    answerCnadidatesMut: [
      0,
      1,
      2,
      3,
      4,
      5,
      6,
      7,
      8,
    ],
    answerMut: undefined,
    groups: [
      "v2",
      "h6",
      "b02",
    ],
    pos: [
      2,
      6,
    ],
  },
  {
    answerCnadidatesMut: [
      0,
      1,
      2,
      3,
      4,
      5,
      6,
      7,
      8,
    ],
    answerMut: undefined,
    groups: [
      "v3",
      "h6",
      "b12",
    ],
    pos: [
      3,
      6,
    ],
  },
  {
    answerCnadidatesMut: [
      0,
      1,
      2,
      3,
      4,
      5,
      6,
      7,
      8,
    ],
    answerMut: undefined,
    groups: [
      "v4",
      "h6",
      "b12",
    ],
    pos: [
      4,
      6,
    ],
  },
  {
    answerCnadidatesMut: [
      0,
      1,
      2,
      3,
      4,
      5,
      6,
      7,
      8,
    ],
    answerMut: undefined,
    groups: [
      "v5",
      "h6",
      "b12",
    ],
    pos: [
      5,
      6,
    ],
  },
  {
    answerCnadidatesMut: [
      0,
      1,
      2,
      3,
      4,
      5,
      6,
      7,
      8,
    ],
    answerMut: undefined,
    groups: [
      "v6",
      "h6",
      "b22",
    ],
    pos: [
      6,
      6,
    ],
  },
  {
    answerCnadidatesMut: [
      0,
      1,
      2,
      3,
      4,
      5,
      6,
      7,
      8,
    ],
    answerMut: undefined,
    groups: [
      "v7",
      "h6",
      "b22",
    ],
    pos: [
      7,
      6,
    ],
  },
  {
    answerCnadidatesMut: [
      0,
      1,
      2,
      3,
      4,
      5,
      6,
      7,
      8,
    ],
    answerMut: undefined,
    groups: [
      "v8",
      "h6",
      "b22",
    ],
    pos: [
      8,
      6,
    ],
  },
  {
    answerCnadidatesMut: [
      0,
      1,
      2,
      3,
      4,
      5,
      6,
      7,
      8,
    ],
    answerMut: undefined,
    groups: [
      "v0",
      "h7",
      "b02",
    ],
    pos: [
      0,
      7,
    ],
  },
  {
    answerCnadidatesMut: [
      0,
      1,
      2,
      3,
      4,
      5,
      6,
      7,
      8,
    ],
    answerMut: undefined,
    groups: [
      "v1",
      "h7",
      "b02",
    ],
    pos: [
      1,
      7,
    ],
  },
  {
    answerCnadidatesMut: [
      0,
      1,
      2,
      3,
      4,
      5,
      6,
      7,
      8,
    ],
    answerMut: undefined,
    groups: [
      "v2",
      "h7",
      "b02",
    ],
    pos: [
      2,
      7,
    ],
  },
  {
    answerCnadidatesMut: [
      0,
      1,
      2,
      3,
      4,
      5,
      6,
      7,
      8,
    ],
    answerMut: undefined,
    groups: [
      "v3",
      "h7",
      "b12",
    ],
    pos: [
      3,
      7,
    ],
  },
  {
    answerCnadidatesMut: [
      0,
      1,
      2,
      3,
      4,
      5,
      6,
      7,
      8,
    ],
    answerMut: undefined,
    groups: [
      "v4",
      "h7",
      "b12",
    ],
    pos: [
      4,
      7,
    ],
  },
  {
    answerCnadidatesMut: [
      0,
      1,
      2,
      3,
      4,
      5,
      6,
      7,
      8,
    ],
    answerMut: undefined,
    groups: [
      "v5",
      "h7",
      "b12",
    ],
    pos: [
      5,
      7,
    ],
  },
  {
    answerCnadidatesMut: [
      0,
      1,
      2,
      3,
      4,
      5,
      6,
      7,
      8,
    ],
    answerMut: undefined,
    groups: [
      "v6",
      "h7",
      "b22",
    ],
    pos: [
      6,
      7,
    ],
  },
  {
    answerCnadidatesMut: [
      0,
      1,
      2,
      3,
      4,
      5,
      6,
      7,
      8,
    ],
    answerMut: undefined,
    groups: [
      "v7",
      "h7",
      "b22",
    ],
    pos: [
      7,
      7,
    ],
  },
  {
    answerCnadidatesMut: [
      0,
      1,
      2,
      3,
      4,
      5,
      6,
      7,
      8,
    ],
    answerMut: undefined,
    groups: [
      "v8",
      "h7",
      "b22",
    ],
    pos: [
      8,
      7,
    ],
  },
  {
    answerCnadidatesMut: [
      0,
      1,
      2,
      3,
      4,
      5,
      6,
      7,
      8,
    ],
    answerMut: undefined,
    groups: [
      "v0",
      "h8",
      "b02",
    ],
    pos: [
      0,
      8,
    ],
  },
  {
    answerCnadidatesMut: [
      0,
      1,
      2,
      3,
      4,
      5,
      6,
      7,
      8,
    ],
    answerMut: undefined,
    groups: [
      "v1",
      "h8",
      "b02",
    ],
    pos: [
      1,
      8,
    ],
  },
  {
    answerCnadidatesMut: [
      0,
      1,
      2,
      3,
      4,
      5,
      6,
      7,
      8,
    ],
    answerMut: undefined,
    groups: [
      "v2",
      "h8",
      "b02",
    ],
    pos: [
      2,
      8,
    ],
  },
  {
    answerCnadidatesMut: [
      0,
      1,
      2,
      3,
      4,
      5,
      6,
      7,
      8,
    ],
    answerMut: undefined,
    groups: [
      "v3",
      "h8",
      "b12",
    ],
    pos: [
      3,
      8,
    ],
  },
  {
    answerCnadidatesMut: [
      0,
      1,
      2,
      3,
      4,
      5,
      6,
      7,
      8,
    ],
    answerMut: undefined,
    groups: [
      "v4",
      "h8",
      "b12",
    ],
    pos: [
      4,
      8,
    ],
  },
  {
    answerCnadidatesMut: [
      0,
      1,
      2,
      3,
      4,
      5,
      6,
      7,
      8,
    ],
    answerMut: undefined,
    groups: [
      "v5",
      "h8",
      "b12",
    ],
    pos: [
      5,
      8,
    ],
  },
  {
    answerCnadidatesMut: [
      0,
      1,
      2,
      3,
      4,
      5,
      6,
      7,
      8,
    ],
    answerMut: undefined,
    groups: [
      "v6",
      "h8",
      "b22",
    ],
    pos: [
      6,
      8,
    ],
  },
  {
    answerCnadidatesMut: [
      0,
      1,
      2,
      3,
      4,
      5,
      6,
      7,
      8,
    ],
    answerMut: undefined,
    groups: [
      "v7",
      "h8",
      "b22",
    ],
    pos: [
      7,
      8,
    ],
  },
  {
    answerCnadidatesMut: [
      0,
      1,
      2,
      3,
      4,
      5,
      6,
      7,
      8,
    ],
    answerMut: undefined,
    groups: [
      "v8",
      "h8",
      "b22",
    ],
    pos: [
      8,
      8,
    ],
  },
]
`;

snapshot[`3x3サイズのセルを生成する 1`] = `
[
  {
    answerCnadidatesMut: [
      0,
      1,
      2,
    ],
    answerMut: undefined,
    groups: [
      "v0",
      "h0",
      "b00",
    ],
    pos: [
      0,
      0,
    ],
  },
  {
    answerCnadidatesMut: [
      0,
      1,
      2,
    ],
    answerMut: undefined,
    groups: [
      "v1",
      "h0",
      "b00",
    ],
    pos: [
      1,
      0,
    ],
  },
  {
    answerCnadidatesMut: [
      0,
      1,
      2,
    ],
    answerMut: undefined,
    groups: [
      "v2",
      "h0",
      "b00",
    ],
    pos: [
      2,
      0,
    ],
  },
  {
    answerCnadidatesMut: [
      0,
      1,
      2,
    ],
    answerMut: undefined,
    groups: [
      "v0",
      "h1",
      "b01",
    ],
    pos: [
      0,
      1,
    ],
  },
  {
    answerCnadidatesMut: [
      0,
      1,
      2,
    ],
    answerMut: undefined,
    groups: [
      "v1",
      "h1",
      "b01",
    ],
    pos: [
      1,
      1,
    ],
  },
  {
    answerCnadidatesMut: [
      0,
      1,
      2,
    ],
    answerMut: undefined,
    groups: [
      "v2",
      "h1",
      "b01",
    ],
    pos: [
      2,
      1,
    ],
  },
  {
    answerCnadidatesMut: [
      0,
      1,
      2,
    ],
    answerMut: undefined,
    groups: [
      "v0",
      "h2",
      "b02",
    ],
    pos: [
      0,
      2,
    ],
  },
  {
    answerCnadidatesMut: [
      0,
      1,
      2,
    ],
    answerMut: undefined,
    groups: [
      "v1",
      "h2",
      "b02",
    ],
    pos: [
      1,
      2,
    ],
  },
  {
    answerCnadidatesMut: [
      0,
      1,
      2,
    ],
    answerMut: undefined,
    groups: [
      "v2",
      "h2",
      "b02",
    ],
    pos: [
      2,
      2,
    ],
  },
]
`;
